// Jest Snapshot v1, https://goo.gl/fbAQLP

exports[`NotFoundPage Component Snapshot Renders default 1`] = `
<h1>
  <span>
    This is NotFoundPage component!
  </span>
</h1>
`;
