// Jest Snapshot v1, https://goo.gl/fbAQLP

exports[`App Component Snapshot Renders default 1`] = `
<div
  className="styles__Container-eZxbLb fCoiuO"
>
  <RootNav />
</div>
`;
