// Jest Snapshot v1, https://goo.gl/fbAQLP

exports[`Button Component Snapshot Renders default 1`] = `
<button
  className="styles__Container-eZxbLb czehpr"
  onClick={undefined}
>
  <span>
    Log Out Action!
  </span>
</button>
`;
