// Jest Snapshot v1, https://goo.gl/fbAQLP

exports[`NotFoundPage Component Renders default 1`] = `
<div
  className="styles__Container-eZxbLb fCoiuO"
>
  <h1>
    <span>
      This is HomePage component!
    </span>
  </h1>
</div>
`;
